{"level":"info","message":"Application started","metadata":{"environment":"development","event":"APPLICATION_STARTED","nodeVersion":"v22.19.0","port":5000,"processId":23644,"service":"authArch","timestamp":"2026-08-04 06:17:34"}}
{"level":"info","message":"Application started","metadata":{"environment":"development","event":"APPLICATION_STARTED","nodeVersion":"v22.19.0","port":5000,"processId":20160,"service":"authArch","timestamp":"2026-08-04 06:18:18"}}
{"level":"info","message":"Incoming request","metadata":{"ip":"::1","method":"POST","phase":"started","requestId":"a33cac43-6446-41dd-8890-4afb773b8041","service":"authArch","statusCode":200,"timestamp":"2026-08-04 06:21:36","url":"/api/v1/login","userAgent":"x-user/web"}}
{"level":"warn","message":"Request completed","metadata":{"ip":"::1","method":"POST","phase":"completed","requestId":"a33cac43-6446-41dd-8890-4afb773b8041","responseTime":"79.04 ms","service":"authArch","statusCode":404,"timestamp":"2026-08-04 06:21:36","url":"/api/v1/login","userAgent":"x-user/web"}}
{"level":"info","message":"Incoming request","metadata":{"ip":"::1","method":"POST","phase":"started","requestId":"2387e5d3-c6c1-48a1-a831-8acf3339397d","service":"authArch","statusCode":200,"timestamp":"2026-08-04 06:22:14","url":"/api/v1/login","userAgent":"PostmanRuntime/7.51.1"}}
{"level":"warn","message":"Request completed","metadata":{"ip":"::1","method":"POST","phase":"completed","requestId":"2387e5d3-c6c1-48a1-a831-8acf3339397d","responseTime":"5.88 ms","service":"authArch","statusCode":404,"timestamp":"2026-08-04 06:22:14","url":"/api/v1/login","userAgent":"PostmanRuntime/7.51.1"}}
{"level":"info","message":"Incoming request","metadata":{"ip":"::1","method":"POST","phase":"started","requestId":"c5818cd6-34f6-46b7-ba40-df8233707ad8","service":"authArch","statusCode":200,"timestamp":"2026-08-04 06:23:13","url":"/api/v1/refresh","userAgent":"PostmanRuntime/7.51.1"}}
{"level":"warn","message":"Request completed","metadata":{"ip":"::1","method":"POST","phase":"completed","requestId":"c5818cd6-34f6-46b7-ba40-df8233707ad8","responseTime":"3.71 ms","service":"authArch","statusCode":404,"timestamp":"2026-08-04 06:23:13","url":"/api/v1/refresh","userAgent":"PostmanRuntime/7.51.1"}}
{"level":"info","message":"Application started","metadata":{"environment":"development","event":"APPLICATION_STARTED","nodeVersion":"v22.19.0","port":5000,"processId":18836,"service":"authArch","timestamp":"2026-08-04 06:24:37"}}
{"level":"info","message":"Incoming request","metadata":{"ip":"::1","method":"POST","phase":"started","requestId":"c128f103-e88b-4ebb-a8f1-ca3e498e2acb","service":"authArch","statusCode":200,"timestamp":"2026-08-04 06:25:05","url":"/api/v1/login","userAgent":"PostmanRuntime/7.51.1"}}
{"level":"warn","message":"Request completed","metadata":{"ip":"::1","method":"POST","phase":"completed","requestId":"c128f103-e88b-4ebb-a8f1-ca3e498e2acb","responseTime":"54.53 ms","service":"authArch","statusCode":404,"timestamp":"2026-08-04 06:25:05","url":"/api/v1/login","userAgent":"PostmanRuntime/7.51.1"}}
{"level":"info","message":"Incoming request","metadata":{"ip":"::1","method":"POST","phase":"started","requestId":"07082edf-ab4c-4513-b8bf-023e4cc21215","service":"authArch","statusCode":200,"timestamp":"2026-08-04 06:25:49","url":"/api/v1/auth/login","userAgent":"PostmanRuntime/7.51.1"}}
{"level":"info","message":"Request completed","metadata":{"ip":"::1","method":"POST","phase":"completed","requestId":"07082edf-ab4c-4513-b8bf-023e4cc21215","responseTime":"627.87 ms","service":"authArch","statusCode":200,"timestamp":"2026-08-04 06:25:50","url":"/api/v1/auth/login","userAgent":"PostmanRuntime/7.51.1"}}
{"level":"info","message":"Incoming request","metadata":{"ip":"::1","method":"POST","phase":"started","requestId":"209ace36-d195-4d9e-8c8d-413ca6744854","service":"authArch","statusCode":200,"timestamp":"2026-08-04 06:26:17","url":"/api/v1/auth/refresh","userAgent":"PostmanRuntime/7.51.1"}}
{"level":"info","message":"Request completed","metadata":{"ip":"::1","method":"POST","phase":"completed","requestId":"209ace36-d195-4d9e-8c8d-413ca6744854","responseTime":"441.62 ms","service":"authArch","statusCode":200,"timestamp":"2026-08-04 06:26:18","url":"/api/v1/auth/refresh","userAgent":"PostmanRuntime/7.51.1"}}
{"level":"info","message":"Incoming request","metadata":{"ip":"::1","method":"GET","phase":"started","requestId":"b7d1279e-125f-4077-94c7-a5bde1c8f18b","service":"authArch","statusCode":200,"timestamp":"2026-08-04 06:26:27","url":"/api/v1/user","userAgent":"PostmanRuntime/7.51.1"}}
{"level":"warn","message":"Request completed","metadata":{"ip":"::1","method":"GET","phase":"completed","requestId":"b7d1279e-125f-4077-94c7-a5bde1c8f18b","responseTime":"4.18 ms","service":"authArch","statusCode":404,"timestamp":"2026-08-04 06:26:27","url":"/api/v1/user","userAgent":"PostmanRuntime/7.51.1"}}
{"level":"info","message":"Incoming request","metadata":{"ip":"::1","method":"GET","phase":"started","requestId":"0abb8e1b-c528-4122-b18e-9fa3151afde3","service":"authArch","statusCode":200,"timestamp":"2026-08-04 06:26:35","url":"/api/v1/auth/user","userAgent":"PostmanRuntime/7.51.1"}}
{"level":"info","message":"Request completed","metadata":{"ip":"::1","method":"GET","phase":"completed","requestId":"0abb8e1b-c528-4122-b18e-9fa3151afde3","responseTime":"167.25 ms","service":"authArch","statusCode":200,"timestamp":"2026-08-04 06:26:35","url":"/api/v1/auth/user","userAgent":"PostmanRuntime/7.51.1"}}
{"level":"info","message":"Application started","metadata":{"environment":"development","event":"APPLICATION_STARTED","nodeVersion":"v22.19.0","port":5000,"processId":22956,"service":"authArch","timestamp":"2026-08-04 06:27:24"}}
{"level":"info","message":"Incoming request","metadata":{"ip":"::1","method":"POST","phase":"started","requestId":"e3704964-9f53-4728-9b06-b940e3391586","service":"authArch","statusCode":200,"timestamp":"2026-08-04 06:27:31","url":"/api/v1/logout","userAgent":"PostmanRuntime/7.51.1"}}
{"level":"info","message":"Request completed","metadata":{"ip":"::1","method":"POST","phase":"completed","requestId":"e3704964-9f53-4728-9b06-b940e3391586","responseTime":"538.58 ms","service":"authArch","statusCode":200,"timestamp":"2026-08-04 06:27:32","url":"/api/v1/logout","userAgent":"PostmanRuntime/7.51.1"}}
{"level":"info","message":"Incoming request","metadata":{"ip":"::1","method":"POST","phase":"started","requestId":"9952bc5f-b88e-4d3d-824c-b1b10839afa3","service":"authArch","statusCode":200,"timestamp":"2026-08-04 06:27:41","url":"/api/v1/login","userAgent":"PostmanRuntime/7.51.1"}}
{"level":"info","message":"Request completed","metadata":{"ip":"::1","method":"POST","phase":"completed","requestId":"9952bc5f-b88e-4d3d-824c-b1b10839afa3","responseTime":"689.39 ms","service":"authArch","statusCode":200,"timestamp":"2026-08-04 06:27:42","url":"/api/v1/login","userAgent":"PostmanRuntime/7.51.1"}}
{"level":"info","message":"Incoming request","metadata":{"ip":"::1","method":"POST","phase":"started","requestId":"d0c03eb6-f708-49cc-ac08-7f0ef4ec40db","service":"authArch","statusCode":200,"timestamp":"2026-08-04 06:27:49","url":"/api/v1/refresh","userAgent":"PostmanRuntime/7.51.1"}}
{"level":"info","message":"Request completed","metadata":{"ip":"::1","method":"POST","phase":"completed","requestId":"d0c03eb6-f708-49cc-ac08-7f0ef4ec40db","responseTime":"765.52 ms","service":"authArch","statusCode":200,"timestamp":"2026-08-04 06:27:50","url":"/api/v1/refresh","userAgent":"PostmanRuntime/7.51.1"}}
{"level":"info","message":"Incoming request","metadata":{"ip":"::1","method":"POST","phase":"started","requestId":"b565b081-7643-468b-ab72-b62b04ab7500","service":"authArch","statusCode":200,"timestamp":"2026-08-04 06:27:55","url":"/api/v1/logout","userAgent":"PostmanRuntime/7.51.1"}}
{"level":"info","message":"Request completed","metadata":{"ip":"::1","method":"POST","phase":"completed","requestId":"b565b081-7643-468b-ab72-b62b04ab7500","responseTime":"245.56 ms","service":"authArch","statusCode":200,"timestamp":"2026-08-04 06:27:55","url":"/api/v1/logout","userAgent":"PostmanRuntime/7.51.1"}}
{"level":"info","message":"Application started","metadata":{"environment":"development","event":"APPLICATION_STARTED","nodeVersion":"v22.19.0","port":5000,"processId":14384,"service":"authArch","timestamp":"2026-08-04 06:38:03"}}
{"level":"info","message":"Application started","metadata":{"environment":"development","event":"APPLICATION_STARTED","nodeVersion":"v22.19.0","port":5000,"processId":18600,"service":"authArch","timestamp":"2026-08-04 06:38:14"}}
